<html>
<body>
<pre>
<h1>µVision Build Log</h1>
<h2>Project:</h2>
E:\v24he4a10\Anurag10\SHARAD\MAJOR_PROJECT\MAJOR_PROJECT.uvproj
Project File Date:  04/22/2025

<h2>Output:</h2>
Build target 'Target 1'
assembling Startup.s...
compiling MAIN_NODE.c...
compiling can.c...
compiling adc_driver.c...
compiling lcd.c...
compiling rtc.c...
compiling delay.c...
compiling ds18b20.c...
compiling interrupt.c...
linking...
Program Size: Code=8264 RO-data=32 RW-data=156 ZI-data=1292  
FromELF: creating hex file...
"MAJOR_PROJECT.axf" - 0 Error(s), 0 Warning(s).
Build target 'Target 1'
assembling Startup.s...
compiling MAIN_NODE.c...
compiling can.c...
compiling adc_driver.c...
compiling lcd.c...
compiling rtc.c...
compiling delay.c...
compiling ds18b20.c...
compiling interrupt.c...
linking...
Program Size: Code=8264 RO-data=32 RW-data=156 ZI-data=1292  
FromELF: creating hex file...
"MAJOR_PROJECT.axf" - 0 Error(s), 0 Warning(s).
Build target 'Target 1'
linking...
Program Size: Code=8264 RO-data=32 RW-data=156 ZI-data=1292  
FromELF: creating hex file...
"MAJOR_PROJECT.axf" - 0 Error(s), 0 Warning(s).
Build target 'Target 1'
assembling Startup.s...
compiling MAIN_NODE.c...
compiling can.c...
compiling adc_driver.c...
compiling lcd.c...
compiling rtc.c...
compiling delay.c...
compiling ds18b20.c...
compiling interrupt.c...
linking...
Program Size: Code=8264 RO-data=32 RW-data=156 ZI-data=1292  
FromELF: creating hex file...
"MAJOR_PROJECT.axf" - 0 Error(s), 0 Warning(s).
Build target 'Target 1'
assembling Startup.s...
compiling MAIN_NODE.c...
compiling can.c...
compiling adc_driver.c...
compiling lcd.c...
compiling rtc.c...
compiling delay.c...
compiling ds18b20.c...
compiling interrupt.c...
linking...
Program Size: Code=8264 RO-data=32 RW-data=156 ZI-data=1292  
FromELF: creating hex file...
"MAJOR_PROJECT.axf" - 0 Error(s), 0 Warning(s).
Build target 'Target 1'
assembling Startup.s...
compiling INDICATOR_NODE.c...
compiling can.c...
compiling adc_driver.c...
compiling lcd.c...
compiling rtc.c...
compiling delay.c...
compiling ds18b20.c...
compiling interrupt.c...
linking...
MAJOR_PROJECT.axf: Error: L6218E: Undefined symbol flag1 (referred from interrupt.o).
MAJOR_PROJECT.axf: Error: L6218E: Undefined symbol flag2 (referred from interrupt.o).
MAJOR_PROJECT.axf: Error: L6218E: Undefined symbol txF (referred from interrupt.o).
MAJOR_PROJECT.axf: Not enough information to list image symbols.
MAJOR_PROJECT.axf: Finished: 1 information, 0 warning and 3 error messages.
Target not created
Build target 'Target 1'
assembling Startup.s...
compiling INDICATOR_NODE.c...
compiling can.c...
compiling adc_driver.c...
compiling lcd.c...
compiling rtc.c...
compiling delay.c...
compiling ds18b20.c...
linking...
Program Size: Code=1752 RO-data=16 RW-data=0 ZI-data=1272  
FromELF: creating hex file...
"MAJOR_PROJECT.axf" - 0 Error(s), 0 Warning(s).
Build target 'Target 1'
assembling Startup.s...
compiling INDICATOR_NODE.c...
compiling can.c...
compiling adc_driver.c...
compiling lcd.c...
compiling rtc.c...
compiling delay.c...
compiling ds18b20.c...
linking...
Program Size: Code=1752 RO-data=16 RW-data=0 ZI-data=1272  
FromELF: creating hex file...
"MAJOR_PROJECT.axf" - 0 Error(s), 0 Warning(s).
Build target 'Target 1'
assembling Startup.s...
compiling INDICATOR_NODE.c...
compiling can.c...
compiling adc_driver.c...
compiling lcd.c...
compiling rtc.c...
compiling delay.c...
compiling ds18b20.c...
linking...
Program Size: Code=1704 RO-data=16 RW-data=0 ZI-data=1272  
FromELF: creating hex file...
"MAJOR_PROJECT.axf" - 0 Error(s), 0 Warning(s).
Build target 'Target 1'
assembling Startup.s...
compiling INDICATOR_NODE.c...
compiling can.c...
compiling adc_driver.c...
compiling lcd.c...
compiling rtc.c...
compiling delay.c...
compiling ds18b20.c...
linking...
Program Size: Code=1736 RO-data=16 RW-data=0 ZI-data=1272  
FromELF: creating hex file...
"MAJOR_PROJECT.axf" - 0 Error(s), 0 Warning(s).
Build target 'Target 1'
assembling Startup.s...
compiling INDICATOR_NODE.c...
compiling can.c...
compiling adc_driver.c...
compiling lcd.c...
compiling rtc.c...
compiling delay.c...
compiling ds18b20.c...
linking...
Program Size: Code=1736 RO-data=16 RW-data=0 ZI-data=1272  
FromELF: creating hex file...
"MAJOR_PROJECT.axf" - 0 Error(s), 0 Warning(s).
Build target 'Target 1'
assembling Startup.s...
compiling INDICATOR_NODE.c...
compiling can.c...
compiling adc_driver.c...
compiling lcd.c...
compiling rtc.c...
compiling delay.c...
compiling ds18b20.c...
linking...
Program Size: Code=1736 RO-data=16 RW-data=0 ZI-data=1272  
FromELF: creating hex file...
"MAJOR_PROJECT.axf" - 0 Error(s), 0 Warning(s).
Build target 'Target 1'
assembling Startup.s...
compiling INDICATOR_NODE.c...
compiling can.c...
compiling adc_driver.c...
compiling lcd.c...
compiling rtc.c...
compiling delay.c...
compiling ds18b20.c...
linking...
Program Size: Code=1752 RO-data=16 RW-data=0 ZI-data=1272  
FromELF: creating hex file...
"MAJOR_PROJECT.axf" - 0 Error(s), 0 Warning(s).
Build target 'Target 1'
assembling Startup.s...
compiling INDICATOR_NODE.c...
compiling can.c...
compiling adc_driver.c...
compiling lcd.c...
compiling rtc.c...
compiling delay.c...
compiling ds18b20.c...
linking...
Program Size: Code=1920 RO-data=16 RW-data=0 ZI-data=1272  
FromELF: creating hex file...
"MAJOR_PROJECT.axf" - 0 Error(s), 0 Warning(s).
Build target 'Target 1'
assembling Startup.s...
compiling MAIN_NODE.c...
compiling can.c...
compiling adc_driver.c...
compiling lcd.c...
lcd.c(251): error:  #268: declaration may not appear after executable statement in block
lcd.c:          u8 level = (percentage + 9) / 20; // Round to nearest 20% increment (0-5)
lcd.c:          ^
lcd.c: lcd.c: 0 warnings, 1 error
compiling rtc.c...
compiling delay.c...
compiling ds18b20.c...
compiling interrupt.c...
Target not created
Build target 'Target 1'
assembling Startup.s...
compiling MAIN_NODE.c...
compiling can.c...
compiling adc_driver.c...
compiling lcd.c...
compiling rtc.c...
compiling delay.c...
compiling ds18b20.c...
compiling interrupt.c...
linking...
Program Size: Code=8272 RO-data=32 RW-data=156 ZI-data=1292  
FromELF: creating hex file...
"MAJOR_PROJECT.axf" - 0 Error(s), 0 Warning(s).
Build target 'Target 1'
assembling Startup.s...
compiling MAIN_NODE.c...
compiling can.c...
compiling adc_driver.c...
compiling lcd.c...
compiling rtc.c...
compiling delay.c...
compiling ds18b20.c...
compiling interrupt.c...
linking...
Program Size: Code=8272 RO-data=32 RW-data=156 ZI-data=1292  
FromELF: creating hex file...
"MAJOR_PROJECT.axf" - 0 Error(s), 0 Warning(s).
Build target 'Target 1'
assembling Startup.s...
compiling MAIN_NODE.c...
compiling can.c...
compiling adc_driver.c...
compiling lcd.c...
compiling rtc.c...
compiling delay.c...
compiling ds18b20.c...
compiling interrupt.c...
linking...
Program Size: Code=8272 RO-data=32 RW-data=156 ZI-data=1292  
FromELF: creating hex file...
"MAJOR_PROJECT.axf" - 0 Error(s), 0 Warning(s).
Build target 'Target 1'
assembling Startup.s...
compiling MAIN_NODE.c...
compiling can.c...
compiling adc_driver.c...
compiling lcd.c...
compiling rtc.c...
compiling delay.c...
compiling ds18b20.c...
compiling interrupt.c...
linking...
Program Size: Code=8272 RO-data=32 RW-data=156 ZI-data=1292  
FromELF: creating hex file...
"MAJOR_PROJECT.axf" - 0 Error(s), 0 Warning(s).
Build target 'Target 1'
assembling Startup.s...
compiling MAIN_NODE.c...
compiling can.c...
compiling adc_driver.c...
compiling lcd.c...
compiling rtc.c...
compiling delay.c...
compiling ds18b20.c...
compiling interrupt.c...
linking...
Program Size: Code=8272 RO-data=32 RW-data=156 ZI-data=1292  
FromELF: creating hex file...
"MAJOR_PROJECT.axf" - 0 Error(s), 0 Warning(s).
Build target 'Target 1'
assembling Startup.s...
compiling MAIN_NODE.c...
compiling can.c...
compiling adc_driver.c...
compiling lcd.c...
compiling rtc.c...
compiling delay.c...
compiling ds18b20.c...
compiling interrupt.c...
linking...
Program Size: Code=8272 RO-data=32 RW-data=156 ZI-data=1292  
FromELF: creating hex file...
"MAJOR_PROJECT.axf" - 0 Error(s), 0 Warning(s).
Build target 'Target 1'
assembling Startup.s...
compiling INDICATOR_NODE.c...
compiling can.c...
compiling adc_driver.c...
compiling lcd.c...
compiling rtc.c...
compiling delay.c...
compiling ds18b20.c...
linking...
Program Size: Code=1928 RO-data=16 RW-data=0 ZI-data=1272  
FromELF: creating hex file...
"MAJOR_PROJECT.axf" - 0 Error(s), 0 Warning(s).
Build target 'Target 1'
assembling Startup.s...
compiling INDICATOR_NODE.c...
compiling can.c...
compiling adc_driver.c...
compiling lcd.c...
compiling rtc.c...
compiling delay.c...
compiling ds18b20.c...
linking...
Program Size: Code=1928 RO-data=16 RW-data=0 ZI-data=1272  
FromELF: creating hex file...
"MAJOR_PROJECT.axf" - 0 Error(s), 0 Warning(s).
