<html>
<body>
<pre>
<h1>µVision Build Log</h1>
<h2>Project:</h2>
C:\Users\DELL\Desktop\VECTOR\ARM_PROJECT\PROJECT_ARM\PROJECT\MAJOR_PROJECT.uvproj
Project File Date:  04/21/2025

<h2>Output:</h2>
Rebuild target 'Target 1'
assembling Startup.s...
compiling INDICATOR_NODE.c...
compiling can.c...
compiling adc_driver.c...
compiling lcd.c...
compiling rtc.c...
compiling delay.c...
compiling ds18b20.c...
linking...
Program Size: Code=1700 RO-data=16 RW-data=0 ZI-data=1272  
FromELF: creating hex file...
".\MAJOR_PROJECT.axf" - 0 Error(s), 0 Warning(s).
</pre>
</body>
</html>
